// Jest Snapshot v1, https://goo.gl/fbAQLP

exports[`App renders correctly 1`] = `
<div
  className="App"
>
  <div
    className="app-body"
  >
    <div>
      Image Classifier Pro
    </div>
    <div>
      <button
        onClick={[Function]}
      >
        Dogs
      </button>
    </div>
  </div>
</div>
`;
